// Jest Snapshot v1, https://goo.gl/fbAQLP

exports[`Container should render correctly 1`] = `
Array [
  <header
    className="css-1dfxws0"
  >
    <div
      className="css-1y2wuqc css-xf7v2y"
    >
      <img
        alt="Pockétmon logo"
        className="css-1uu0sh9 css-1dn73mw"
        height="80px"
        loading="lazy"
        onClick={[Function]}
        role="button"
        sizes="(max-width: 400px) 200px, 400px"
        src="https://ik.imagekit.io/xtrixia/PoCKéTMoN_K8wj-F3Wm.png"
        srcSet="https://ik.imagekit.io/xtrixia/PoCKéTMoN_K8wj-F3Wm.png 200w, https://ik.imagekit.io/xtrixia/PoCKéTMoN_K8wj-F3Wm.png 400w"
        tabIndex={0}
        width="200px"
      />
    </div>
  </header>,
  <div
    className="css-cuxxz8"
  >
    <div>
      This is children
    </div>
  </div>,
]
`;
